==================================================
SIMULATED EMAIL SENT SUCCESSFULLY
From: noreply@bloodbank.com
To: nithin@gmail.com
Subject: Urgently Needed: Blood Donation in Palnadu
Body:
Dear Nithin,

A new blood request has been created matching your blood group (A+) and location (Palnadu).

Patient: ABC
Reason: Operation
Contact Phone: 7207694185

Please log in to the system if you can accept this request and save a life.

Thank you,
Blood Bank Team
==================================================

==================================================
SIMULATED EMAIL SENT SUCCESSFULLY
From: noreply@bloodbank.com
To: nithinkumarreddythadi999@gmail.com
Subject: Urgently Needed: Blood Donation in Guntur
Body:
Dear Nithin Kumar Reddy,

A new blood request has been created matching your blood group (A-) and location (Guntur).

Patient: ABCD
Reason: Operation
Contact Phone: 7418529630

Please log in to the system if you can accept this request and save a life.

Thank you,
Blood Bank Team
==================================================

==================================================
SIMULATED EMAIL SENT SUCCESSFULLY
From: noreply@bloodbank.com
To: nithinreddytadi720@gmail.com
Subject: Urgently Needed: Blood Donation in AP
Body:
Dear NKR,

A new blood request has been created matching your blood group (B+) and location (AP).

Patient: ABCDEF
Reason: Surgery
Contact Phone: 1234567890

Please log in to the system if you can accept this request and save a life.

Thank you,
Blood Bank Team
==================================================

==================================================
SIMULATED EMAIL SENT SUCCESSFULLY
From: noreply@bloodbank.com
To: nithinreddytadi720@gmail.com
Subject: Urgently Needed: Blood Donation in AP
Body:
Dear NKR,

A new blood request has been created matching your blood group (B+) and location (AP).

Patient: Prabhas
Reason: Surgery
Contact Phone: 9638527410

Please log in to the system if you can accept this request and save a life.

Thank you,
Blood Bank Team
==================================================

==================================================
SIMULATED EMAIL SENT SUCCESSFULLY
From: noreply@bloodbank.com
To: nithinreddytadi720@gmail.com
Subject: Urgently Needed: Blood Donation in AP
Body:
Dear NKR,

A new blood request has been created matching your blood group (B+) and location (AP).

Patient: Prabhas
Reason: Surgery
Contact Phone: 9638527410

Please log in to the system if you can accept this request and save a life.

Thank you,
Blood Bank Team
==================================================

